TIME - 30
<BELL>
<BELL>
TIME - 25
TIME - 20
TIME - 15
<BELL>
TIME - 10
TIME - 05
<BELL>
<BELL>
TIME - 00
<BELL>
<BELL>
<BELL>
<BELL>
:-) :-) :-) :-) :-)
