TIME - 1
<BELL>
<BELL>
TIME - 0
<BELL>
<BELL>
<BELL>
<BELL>
:-) :-) :-) :-) :-)
