TIME - 15
<BELL>
<BELL>
TIME - 10
TIME - 05
<BELL>
<BELL>
TIME - 00
<BELL>
<BELL>
<BELL>
<BELL>
:-) :-) :-) :-) :-)
