TIME - 5
<BELL>
<BELL>
TIME - 0
<BELL>
<BELL>
<BELL>
<BELL>
:-) :-) :-) :-) :-)
